#
# A fatal error has been detected by the Java Runtime Environment:
#
#  EXCEPTION_ACCESS_VIOLATION (0xc0000005) at pc=0x00007ffa09d43004, pid=11728, tid=22560
#
# JRE version: OpenJDK Runtime Environment (24.0+36) (build 24+36-3646)
# Java VM: OpenJDK 64-Bit Server VM (24+36-3646, mixed mode, sharing, tiered, compressed oops, compressed class ptrs, g1 gc, windows-amd64)
# Problematic frame:
# C  [libasyncProfiler.dll+0x93004]
#
# No core dump will be written. Minidumps are not enabled by default on client versions of Windows
#
# JFR recording file will be written. Location: D:\Coding\1-2\Java Intellij\Java-Thread\hs_err_pid11728.jfr
#
# If you would like to submit a bug report, please visit:
#   https://bugreport.java.com/bugreport/crash.jsp
# The crash happened outside the Java Virtual Machine in native code.
# See problematic frame for where to report the bug.
#

---------------  S U M M A R Y ------------

Command Line: -javaagent:C:\Program Files\JetBrains\IntelliJ IDEA 2024.3.5\lib\idea_rt.jar=63333 -Dfile.encoding=UTF-8 -Dsun.stdout.encoding=UTF-8 -Dsun.stderr.encoding=UTF-8 synchronization.SynchronizedTest

Host: 13th Gen Intel(R) Core(TM) i7-13700H, 20 cores, 15G,  Windows 11 , 64 bit Build 26100 (10.0.26100.4484)
Time: Mon Jul 14 20:34:02 2025 Bangladesh Standard Time elapsed time: 5.552339 seconds (0d 0h 0m 5s)

---------------  T H R E A D  ---------------

Current thread (0x0000025d536e02a0):  JavaThread "Attach Listener" daemon [_thread_in_native, id=22560, stack(0x000000e70f300000,0x000000e70f400000) (1024K)]

Stack: [0x000000e70f300000,0x000000e70f400000],  sp=0x000000e70f3ff1a0,  free space=1020k
Native frames: (J=compiled Java code, j=interpreted, Vv=VM code, C=native code)
C  [libasyncProfiler.dll+0x93004]  (no source info available)
C  [libasyncProfiler.dll+0x934db]  (no source info available)
C  [libasyncProfiler.dll+0x92134]  (no source info available)
C  [libasyncProfiler.dll+0x929aa]  (no source info available)
C  [libasyncProfiler.dll+0x8d561]  (no source info available)
C  [libasyncProfiler.dll+0x7ef21]  (no source info available)
C  [libasyncProfiler.dll+0x7dc38]  (no source info available)
C  [libasyncProfiler.dll+0x7db20]  (no source info available)
C  [libasyncProfiler.dll+0x84af9]  (no source info available)
V  [jvm.dll+0x57f1b7]  (no source info available)
V  [jvm.dll+0x57ff2c]  (no source info available)
V  [jvm.dll+0x14c9b7]  (no source info available)
V  [jvm.dll+0x14df81]  (no source info available)
V  [jvm.dll+0x42f566]  (no source info available)
V  [jvm.dll+0x87d8fb]  (no source info available)
V  [jvm.dll+0x72efe5]  (no source info available)
C  [ucrtbase.dll+0x37b0]  (no source info available)
C  [KERNEL32.DLL+0x2e8d7]  (no source info available)
C  [ntdll.dll+0x3c34c]  (no source info available)


siginfo: EXCEPTION_ACCESS_VIOLATION (0xc0000005), reading address 0xffffffffffffffff


Registers:
RAX=0x0000000000000010, RBX=0x0000000000000000, RCX=0xffffffffffffffff, RDX=0x007ffa06582ff010
RSP=0x000000e70f3ff1a0, RBP=0x0000025d53a66908, RSI=0x000000e70f3ff310, RDI=0x0000025d53a66908
R8 =0x0000000000000042, R9 =0x0000000713e11f48, R10=0x00007ffa067f9fc0, R11=0x0000000000000002
R12=0x000000e70f3ff310, R13=0x0000025d997c3880, R14=0x0000025d536e0668, R15=0x0000025d536e0668
RIP=0x00007ffa09d43004, EFLAGS=0x0000000000010202

XMM[0]=0x0000000000000000 0x0000000000000000
XMM[1]=0x0000000000000000 0x0000000000000000
XMM[2]=0x0000000000000000 0x0000000000000000
XMM[3]=0x0000000000000000 0x0000000000000000
XMM[4]=0x0000000000000000 0x0000000000000000
XMM[5]=0x0000000000000000 0x0000000000000000
XMM[6]=0x0000000000000000 0x0000000000000000
XMM[7]=0x0000000000000000 0x0000000000000000
XMM[8]=0x0000000000000000 0x0000000000000000
XMM[9]=0x0000000000000000 0x0000000000000000
XMM[10]=0x0000000000000000 0x0000000000000000
XMM[11]=0x0000000000000000 0x0000000000000000
XMM[12]=0x0000000000000000 0x0000000000000000
XMM[13]=0x0000000000000000 0x0000000000000000
XMM[14]=0x0000000000000000 0x0000000000000000
XMM[15]=0x0000000000000000 0x0000000000000000
  MXCSR=0x00001fa0


Register to memory mapping:

RAX=0x0000000000000010 is an unknown value
RBX=0x0 is null
RCX=0xffffffffffffffff is an unknown value
RDX=0x007ffa06582ff010 is an unknown value
RSP=0x000000e70f3ff1a0 is pointing into the stack for thread: 0x0000025d536e02a0
RBP=0x0000025d53a66908 points into unknown readable memory: 0x0000000713e11f48 | 48 1f e1 13 07 00 00 00
RSI=0x000000e70f3ff310 is pointing into the stack for thread: 0x0000025d536e02a0
RDI=0x0000025d53a66908 points into unknown readable memory: 0x0000000713e11f48 | 48 1f e1 13 07 00 00 00
R8 =0x0000000000000042 is an unknown value
R9 =0x0000000713e11f48 is an oop: java.lang.ref.Reference$ReferenceHandler 
{0x0000000713e11f48} - klass: 'java/lang/ref/Reference$ReferenceHandler' - flags: 

 - ---- fields (total size 14 words):
 - 'threadLocalRandomProbe' 'I' @12  0 (0x00000000)
 - private volatile 'eetop' 'J' @16  2599854900368 (0x0000025d536d8490)
 - private final 'tid' 'J' @24  15 (0x000000000000000f)
 - 'threadLocalRandomSeed' 'J' @32  0 (0x0000000000000000)
 - injected 'jvmti_thread_state' 'J' @40  2601030294496 (0x0000025d997c9be0)
 - 'threadLocalRandomSecondarySeed' 'I' @48  0 (0x00000000)
 - injected 'jvmti_VTMS_transition_disable_count' 'I' @52  0 (0x00000000)
 - injected 'jfr_epoch' 'S' @56  0 (0x0000)
 - volatile 'interrupted' 'Z' @58  false (0x00)
 - injected 'jvmti_is_in_VTMS_transition' 'Z' @59  false (0x00)
 - private volatile 'name' 'Ljava/lang/String;' @60  "Reference Handler"{0x00000007ffe0a470} (0xfffc148e)
 - private volatile 'contextClassLoader' 'Ljava/lang/ClassLoader;' @64  null (0x00000000)
 - private final 'holder' 'Ljava/lang/Thread$FieldHolder;' @68  a 'java/lang/Thread$FieldHolder'{0x0000000713e11fc8} (0xe27c23f9)
 - 'threadLocals' 'Ljava/lang/ThreadLocal$ThreadLocalMap;' @72  null (0x00000000)
 - 'inheritableThreadLocals' 'Ljava/lang/ThreadLocal$ThreadLocalMap;' @76  null (0x00000000)
 - private 'scopedValueBindings' 'Ljava/lang/Object;' @80  a 'java/lang/Class'{0x00000007ffe7c280} = 'java/lang/Thread' (0xfffcf850)
 - final 'interruptLock' 'Ljava/lang/Object;' @84  a 'java/lang/Object'{0x0000000713e11fb8} (0xe27c23f7)
 - private volatile 'parkBlocker' 'Ljava/lang/Object;' @88  null (0x00000000)
 - private 'nioBlocker' 'Lsun/nio/ch/Interruptible;' @92  null (0x00000000)
 - private 'cont' 'Ljdk/internal/vm/Continuation;' @96  null (0x00000000)
 - private volatile 'uncaughtExceptionHandler' 'Ljava/lang/Thread$UncaughtExceptionHandler;' @100  null (0x00000000)
 - private 'container' 'Ljdk/internal/vm/ThreadContainer;' @104  null (0x00000000)
 - private volatile 'headStackableScopes' 'Ljdk/internal/vm/StackableScope;' @108  null (0x00000000)
R10=0x00007ffa067f9fc0 jvm.dll
R11=0x0000000000000002 is an unknown value
R12=0x000000e70f3ff310 is pointing into the stack for thread: 0x0000025d536e02a0
R13=0x0000025d997c3880 points into unknown readable memory: 0x00007ffa0676a510 | 10 a5 76 06 fa 7f 00 00
R14=0x0000025d536e0668 points into unknown readable memory: 0x00007ffa067617b0 | b0 17 76 06 fa 7f 00 00
R15=0x0000025d536e0668 points into unknown readable memory: 0x00007ffa067617b0 | b0 17 76 06 fa 7f 00 00

Top of Stack: (sp=0x000000e70f3ff1a0)
0x000000e70f3ff1a0:   000000e70f3ff310 0000025d53a66908   ..?......i.S]...
0x000000e70f3ff1b0:   0000000000000000 0000025d536e09f0   ..........nS]...
0x000000e70f3ff1c0:   0000000000000028 00007ffa09d434db   (........4......
0x000000e70f3ff1d0:   0000000000000000 0000025d536e0668   ........h.nS]...
0x000000e70f3ff1e0:   000000e70f3ff301 0000000000000000   ..?.............
0x000000e70f3ff1f0:   0000025d99418b50 00007ffa09d42134   P.A.]...4!......
0x000000e70f3ff200:   0000000000000000 0000000000000028   ........(.......
0x000000e70f3ff210:   0000000000000000 0000000000000028   ........(.......
0x000000e70f3ff220:   0000001000000002 0000025d9b846b60   ........`k..]...
0x000000e70f3ff230:   0000025d99418b50 0000025d99418bf0   P.A.].....A.]...
0x000000e70f3ff240:   0000025d99418bf8 0000000000008eec   ..A.]...........
0x000000e70f3ff250:   0000000000000000 0000000000000000   ................
0x000000e70f3ff260:   0000000000000000 00007ffa05fc58e4   .........X......
0x000000e70f3ff270:   00007ffa09e9ae00 0000000000002dd0   .........-......
0x000000e70f3ff280:   00007ffa09e9ae00 00000000ffffffff   ................
0x000000e70f3ff290:   0000000000000000 00007ffa09d429aa   .........)......
0x000000e70f3ff2a0:   0000025d536e0668 0000000000000000   h.nS]...........
0x000000e70f3ff2b0:   000000e70f3ff319 0000025d997c3880   ..?......8|.]...
0x000000e70f3ff2c0:   0000000000000004 0000000000000048   ........H.......
0x000000e70f3ff2d0:   0000000800800310 0000000000000020   ........ .......
0x000000e70f3ff2e0:   0000025d536e0668 00007ffa09e9ae00   h.nS]...........
0x000000e70f3ff2f0:   0000025d536dd690 0000025d997c9be0   ..mS].....|.]...
0x000000e70f3ff300:   0000000800800390 0000025d536e0668   ........h.nS]...
0x000000e70f3ff310:   0000025d9aaae230 0000025d9aaae730   0...]...0...]...
0x000000e70f3ff320:   0000025d9aaae730 00007ffa09e9ae00   0...]...........
0x000000e70f3ff330:   0000025d99494008 000000e70f3ff4a8   .@I.].....?.....
0x000000e70f3ff340:   000000e70f3ff5e0 0000000000008840   ..?.....@.......
0x000000e70f3ff350:   000000e70f3ff7c0 00007ffa09e9ae50   ..?.....P.......
0x000000e70f3ff360:   0000000000989680 0000000000989680   ................
0x000000e70f3ff370:   000000e70f3ff480 00007ffa09d3d561   ..?.....a.......
0x000000e70f3ff380:   00007ffa09e9ae00 00007ffa09e9ae58   ........X.......
0x000000e70f3ff390:   00007ffa00000000 00007ffa00000001   ................

Instructions: (pc=0x00007ffa09d43004)
  0x00007ffa09d42f04:   cc cc cc cc cc cc cc cc cc cc cc cc cc cc cc cc
  0x00007ffa09d42f14:   cc cc cc cc cc cc cc cc cc cc cc cc cc cc cc cc
  0x00007ffa09d42f24:   cc cc cc cc cc cc cc cc cc cc cc cc cc cc cc cc
  0x00007ffa09d42f34:   cc cc cc cc cc cc cc cc cc cc cc cc cc cc cc cc
  0x00007ffa09d42f44:   cc cc cc cc cc cc cc cc cc cc cc cc cc cc cc cc
  0x00007ffa09d42f54:   cc cc cc cc cc cc cc cc cc cc cc cc cc cc cc cc
  0x00007ffa09d42f64:   cc cc cc cc cc cc cc cc cc cc cc cc cc cc cc cc
  0x00007ffa09d42f74:   cc cc cc cc cc cc cc cc cc cc cc cc cc cc cc cc
  0x00007ffa09d42f84:   cc cc cc cc cc cc cc cc cc cc cc cc 40 57 48 83
  0x00007ffa09d42f94:   ec 20 48 8b f9 48 8b 0d 30 80 15 00 48 85 c9 74
  0x00007ffa09d42fa4:   20 48 8b 01 48 8d 54 24 38 41 b8 06 00 01 00 4c
  0x00007ffa09d42fb4:   8b 48 30 41 ff d1 85 c0 75 07 48 8b 4c 24 38 eb
  0x00007ffa09d42fc4:   02 33 c9 4c 8b 05 0a 81 15 00 48 89 5c 24 30 4d
  0x00007ffa09d42fd4:   85 c0 74 4a 48 8b 01 48 8b d7 4c 8b 88 28 03 00
  0x00007ffa09d42fe4:   00 41 ff d1 48 85 c0 74 35 48 63 0d b8 3d 15 00
  0x00007ffa09d42ff4:   48 8b 14 01 48 85 d2 74 15 48 63 05 bc 3d 15 00
=>0x00007ffa09d43004:   8b 04 10 48 8b 5c 24 30 48 83 c4 20 5f c3 b8 ff
  0x00007ffa09d43014:   ff ff ff 48 8b 5c 24 30 48 83 c4 20 5f c3 80 3d
  0x00007ffa09d43024:   bb 7f 15 00 00 bb ff ff ff ff 74 20 4c 8b 0d 51
  0x00007ffa09d43034:   7c 15 00 4c 8d 44 24 38 48 8b 0d 35 7c 15 00 48
  0x00007ffa09d43044:   8b d7 41 ff d1 85 c0 0f 44 5c 24 38 8b c3 48 8b
  0x00007ffa09d43054:   5c 24 30 48 83 c4 20 5f c3 cc cc cc cc cc cc cc
  0x00007ffa09d43064:   cc cc cc cc cc cc cc cc cc cc cc cc cc cc cc cc
  0x00007ffa09d43074:   cc cc cc cc cc cc cc cc cc cc cc cc cc cc cc cc
  0x00007ffa09d43084:   cc cc cc cc cc cc cc cc cc cc cc cc 48 89 54 24
  0x00007ffa09d43094:   10 53 55 56 57 41 56 41 57 48 83 ec 28 48 8b f2
  0x00007ffa09d430a4:   4c 8b f1 48 89 4c 24 78 45 33 ff 44 89 7c 24 68
  0x00007ffa09d430b4:   c7 44 24 60 01 00 00 00 48 8d 4c 24 68 e8 69 3c
  0x00007ffa09d430c4:   f7 ff 8b d8 48 8d 4c 24 60 e8 5d 3c f7 ff 8b e8
  0x00007ffa09d430d4:   49 8b ce e8 33 f3 f6 ff 48 8b f8 90 8b c3 f0 0f
  0x00007ffa09d430e4:   b1 2f 74 04 f3 90 eb f4 4c 89 3e 4c 89 7e 08 4c
  0x00007ffa09d430f4:   89 7e 10 49 8b 6e 08 4d 8b 76 10 49 3b ee 0f 84


Stack slot to memory mapping:

stack at sp + 0 slots: 0x000000e70f3ff310 is pointing into the stack for thread: 0x0000025d536e02a0
stack at sp + 1 slots: 0x0000025d53a66908 points into unknown readable memory: 0x0000000713e11f48 | 48 1f e1 13 07 00 00 00
stack at sp + 2 slots: 0x0 is null
stack at sp + 3 slots: 0x0000025d536e09f0 points into unknown readable memory: 0x6e616c2e6176616a | 6a 61 76 61 2e 6c 61 6e
stack at sp + 4 slots: 0x0000000000000028 is an unknown value
stack at sp + 5 slots: 0x00007ffa09d434db libasyncProfiler.dll
stack at sp + 6 slots: 0x0 is null
stack at sp + 7 slots: 0x0000025d536e0668 points into unknown readable memory: 0x00007ffa067617b0 | b0 17 76 06 fa 7f 00 00

Lock stack of current Java thread (top to bottom):


---------------  P R O C E S S  ---------------

Threads class SMR info:
_java_thread_list=0x0000025d994c2260, length=29, elements={
0x0000025d536d8490, 0x0000025d536d8dd0, 0x0000025d536df640, 0x0000025d536e02a0,
0x0000025d536e0f00, 0x0000025d536e1b60, 0x0000025d536e2af0, 0x0000025d536e3670,
0x0000025d53a15ad0, 0x0000025d53c366b0, 0x0000025d53c37070, 0x0000025d53c004a0,
0x0000025d53c1ca20, 0x0000025d30ee43e0, 0x0000025d99b93be0, 0x0000025d9953a430,
0x0000025d9953ab80, 0x0000025d99537fa0, 0x0000025d991ddcb0, 0x0000025d991debd0,
0x0000025d991df360, 0x0000025d991de440, 0x0000025d9953b2d0, 0x0000025d991dcd90,
0x0000025d991dfaf0, 0x0000025d991dd520, 0x0000025d991dc600, 0x0000025d9aae1580,
0x0000025d99539ce0
}

Java Threads: ( => current thread )
  0x0000025d536d8490 JavaThread "Reference Handler"          daemon [_thread_blocked, id=36168, stack(0x000000e70f000000,0x000000e70f100000) (1024K)]
  0x0000025d536d8dd0 JavaThread "Finalizer"                  daemon [_thread_blocked, id=36620, stack(0x000000e70f100000,0x000000e70f200000) (1024K)]
  0x0000025d536df640 JavaThread "Signal Dispatcher"          daemon [_thread_blocked, id=37064, stack(0x000000e70f200000,0x000000e70f300000) (1024K)]
=>0x0000025d536e02a0 JavaThread "Attach Listener"            daemon [_thread_in_native, id=22560, stack(0x000000e70f300000,0x000000e70f400000) (1024K)]
  0x0000025d536e0f00 JavaThread "Service Thread"             daemon [_thread_blocked, id=19868, stack(0x000000e70f400000,0x000000e70f500000) (1024K)]
  0x0000025d536e1b60 JavaThread "Monitor Deflation Thread"   daemon [_thread_blocked, id=15192, stack(0x000000e70f500000,0x000000e70f600000) (1024K)]
  0x0000025d536e2af0 JavaThread "C2 CompilerThread0"         daemon [_thread_in_native, id=24336, stack(0x000000e70f600000,0x000000e70f700000) (1024K)]
  0x0000025d536e3670 JavaThread "C1 CompilerThread0"         daemon [_thread_blocked, id=31384, stack(0x000000e70f700000,0x000000e70f800000) (1024K)]
  0x0000025d53a15ad0 JavaThread "Common-Cleaner"             daemon [_thread_blocked, id=27504, stack(0x000000e70f900000,0x000000e70fa00000) (1024K)]
  0x0000025d53c366b0 JavaThread "Monitor Ctrl-Break"         daemon [_thread_in_native, id=17112, stack(0x000000e70fe00000,0x000000e70ff00000) (1024K)]
  0x0000025d53c37070 JavaThread "Notification Thread"        daemon [_thread_blocked, id=36460, stack(0x000000e70ff00000,0x000000e710000000) (1024K)]
  0x0000025d53c004a0 JavaThread "T2"                                [_thread_blocked, id=10048, stack(0x000000e710200000,0x000000e710300000) (1024K)]
  0x0000025d53c1ca20 JavaThread "T2"                                [_thread_blocked, id=18340, stack(0x000000e710500000,0x000000e710600000) (1024K)]
  0x0000025d30ee43e0 JavaThread "DestroyJavaVM"                     [_thread_blocked, id=26564, stack(0x000000e70e800000,0x000000e70e900000) (1024K)]
  0x0000025d99b93be0 JavaThread "RMI TCP Accept-0"           daemon [_thread_in_native, id=35632, stack(0x000000e710800000,0x000000e710900000) (1024K)]
  0x0000025d9953a430 JavaThread "RMI TCP Connection(1)-172.17.48.1" daemon [_thread_in_native, id=37200, stack(0x000000e710900000,0x000000e710a00000) (1024K)]
  0x0000025d9953ab80 JavaThread "RMI Scheduler(0)"           daemon [_thread_blocked, id=36988, stack(0x000000e710a00000,0x000000e710b00000) (1024K)]
  0x0000025d99537fa0 JavaThread "JMX server connection timeout 48" daemon [_thread_blocked, id=23860, stack(0x000000e710b00000,0x000000e710c00000) (1024K)]
  0x0000025d991ddcb0 JavaThread "C2 CompilerThread1"         daemon [_thread_blocked, id=37524, stack(0x000000e70f800000,0x000000e70f900000) (1024K)]
  0x0000025d991debd0 JavaThread "C2 CompilerThread2"         daemon [_thread_blocked, id=29868, stack(0x000000e70fa00000,0x000000e70fb00000) (1024K)]
  0x0000025d991df360 JavaThread "C1 CompilerThread1"         daemon [_thread_blocked, id=35092, stack(0x000000e70fb00000,0x000000e70fc00000) (1024K)]
  0x0000025d991de440 JavaThread "C1 CompilerThread2"         daemon [_thread_blocked, id=2036, stack(0x000000e70fc00000,0x000000e70fd00000) (1024K)]
  0x0000025d9953b2d0 JavaThread "JFR Recorder Thread"        daemon [_thread_in_native, id=18384, stack(0x000000e70fd00000,0x000000e70fe00000) (1024K)]
  0x0000025d991dcd90 JavaThread "C2 CompilerThread3"         daemon [_thread_blocked, id=26940, stack(0x000000e710000000,0x000000e710100000) (1024K)]
  0x0000025d991dfaf0 JavaThread "C2 CompilerThread4"         daemon [_thread_blocked, id=22800, stack(0x000000e710100000,0x000000e710200000) (1024K)]
  0x0000025d991dd520 JavaThread "C2 CompilerThread5"         daemon [_thread_blocked, id=38356, stack(0x000000e710300000,0x000000e710400000) (1024K)]
  0x0000025d991dc600 JavaThread "C2 CompilerThread6"         daemon [_thread_blocked, id=14340, stack(0x000000e710400000,0x000000e710500000) (1024K)]
  0x0000025d9aae1580 JavaThread "C1 CompilerThread3"         daemon [_thread_blocked, id=10876, stack(0x000000e710600000,0x000000e710700000) (1024K)]
  0x0000025d99539ce0 JavaThread "JFR Periodic Tasks"         daemon [_thread_blocked, id=36588, stack(0x000000e710700000,0x000000e710800000) (1024K)]
Total: 29

Other Threads:
  0x0000025d536c8180 VMThread "VM Thread"                           [id=36004, stack(0x000000e70ef00000,0x000000e70f000000) (1024K)]
  0x0000025d536b7cf0 WatcherThread "VM Periodic Task Thread"        [id=27212, stack(0x000000e70ee00000,0x000000e70ef00000) (1024K)]
  0x0000025d33362ef0 WorkerThread "GC Thread#0"                     [id=35604, stack(0x000000e70e900000,0x000000e70ea00000) (1024K)]
  0x0000025d333788e0 ConcurrentGCThread "G1 Main Marker"            [id=36780, stack(0x000000e70ea00000,0x000000e70eb00000) (1024K)]
  0x0000025d33379b90 WorkerThread "G1 Conc#0"                       [id=38360, stack(0x000000e70eb00000,0x000000e70ec00000) (1024K)]
  0x0000025d5356eb30 ConcurrentGCThread "G1 Refine#0"               [id=36684, stack(0x000000e70ec00000,0x000000e70ed00000) (1024K)]
  0x0000025d5356f360 ConcurrentGCThread "G1 Service"                [id=20856, stack(0x000000e70ed00000,0x000000e70ee00000) (1024K)]
Total: 7

Threads with active compile tasks:
C2 CompilerThread0  5610 2041       4       jdk.jfr.internal.MetadataWriter::write (168 bytes)
Total: 1

VM state: not at safepoint (normal execution)

VM Mutex/Monitor currently owned by a thread: None

Heap address: 0x0000000704400000, size: 4028 MB, Compressed Oops mode: Zero based, Oop shift amount: 3

CDS archive(s) mapped at: [0x0000025d54000000-0x0000025d54d40000-0x0000025d54d40000), size 13893632, SharedBaseAddress: 0x0000025d54000000, ArchiveRelocationMode: 1.
Compressed class space mapped at: 0x0000025d55000000-0x0000025d95000000, reserved size: 1073741824
UseCompressedClassPointers 1, UseCompactObjectHeaders 0
Narrow klass pointer bits 32, Max shift 3
Narrow klass base: 0x0000025d54000000, Narrow klass shift: 0
Encoding Range: [0x0000025d54000000 - 0x0000025e54000000), (4294967296 bytes)
Klass Range:    [0x0000025d54000000 - 0x0000025d95000000), (1090519040 bytes)
Klass ID Range:  [8 - 1090519033) (1090519025)

GC Precious Log:
 CardTable entry size: 512
 Card Set container configuration: InlinePtr #cards 4 size 8 Array Of Cards #cards 16 size 48 Howl #buckets 8 coarsen threshold 3686 Howl Bitmap #cards 512 size 80 coarsen threshold 460 Card regions per heap region 1 cards per card region 4096
 CPUs: 20 total, 20 available
 Memory: 16108M
 Large Page Support: Disabled
 NUMA Support: Disabled
 Compressed Oops: Enabled (Zero based)
 Heap Region Size: 2M
 Heap Min Capacity: 8M
 Heap Initial Capacity: 252M
 Heap Max Capacity: 4028M
 Pre-touch: Disabled
 Parallel Workers: 15
 Concurrent Workers: 4
 Concurrent Refinement Workers: 15
 Periodic GC: Disabled

Heap:
 garbage-first heap   total reserved 4124672K, committed 260096K, used 40048K [0x0000000704400000, 0x0000000800000000)
  region size 2048K, 20 young (40960K), 0 survivors (0K)
 Metaspace       used 7922K, committed 8192K, reserved 1114112K
  class space    used 741K, committed 896K, reserved 1048576K

Heap Regions: E=young(eden), S=young(survivor), O=old, HS=humongous(starts), HC=humongous(continues), CS=collection set, F=free, TAMS=top-at-mark-start, PB=parsable bottom
|   0|0x0000000704400000, 0x0000000704400000, 0x0000000704600000|  0%| F|  |TAMS 0x0000000704400000| PB 0x0000000704400000| Untracked |  0
|   1|0x0000000704600000, 0x0000000704600000, 0x0000000704800000|  0%| F|  |TAMS 0x0000000704600000| PB 0x0000000704600000| Untracked |  0
|   2|0x0000000704800000, 0x0000000704800000, 0x0000000704a00000|  0%| F|  |TAMS 0x0000000704800000| PB 0x0000000704800000| Untracked |  0
|   3|0x0000000704a00000, 0x0000000704a00000, 0x0000000704c00000|  0%| F|  |TAMS 0x0000000704a00000| PB 0x0000000704a00000| Untracked |  0
|   4|0x0000000704c00000, 0x0000000704c00000, 0x0000000704e00000|  0%| F|  |TAMS 0x0000000704c00000| PB 0x0000000704c00000| Untracked |  0
|   5|0x0000000704e00000, 0x0000000704e00000, 0x0000000705000000|  0%| F|  |TAMS 0x0000000704e00000| PB 0x0000000704e00000| Untracked |  0
|   6|0x0000000705000000, 0x0000000705000000, 0x0000000705200000|  0%| F|  |TAMS 0x0000000705000000| PB 0x0000000705000000| Untracked |  0
|   7|0x0000000705200000, 0x0000000705200000, 0x0000000705400000|  0%| F|  |TAMS 0x0000000705200000| PB 0x0000000705200000| Untracked |  0
|   8|0x0000000705400000, 0x0000000705400000, 0x0000000705600000|  0%| F|  |TAMS 0x0000000705400000| PB 0x0000000705400000| Untracked |  0
|   9|0x0000000705600000, 0x0000000705600000, 0x0000000705800000|  0%| F|  |TAMS 0x0000000705600000| PB 0x0000000705600000| Untracked |  0
|  10|0x0000000705800000, 0x0000000705800000, 0x0000000705a00000|  0%| F|  |TAMS 0x0000000705800000| PB 0x0000000705800000| Untracked |  0
|  11|0x0000000705a00000, 0x0000000705a00000, 0x0000000705c00000|  0%| F|  |TAMS 0x0000000705a00000| PB 0x0000000705a00000| Untracked |  0
|  12|0x0000000705c00000, 0x0000000705c00000, 0x0000000705e00000|  0%| F|  |TAMS 0x0000000705c00000| PB 0x0000000705c00000| Untracked |  0
|  13|0x0000000705e00000, 0x0000000705e00000, 0x0000000706000000|  0%| F|  |TAMS 0x0000000705e00000| PB 0x0000000705e00000| Untracked |  0
|  14|0x0000000706000000, 0x0000000706000000, 0x0000000706200000|  0%| F|  |TAMS 0x0000000706000000| PB 0x0000000706000000| Untracked |  0
|  15|0x0000000706200000, 0x0000000706200000, 0x0000000706400000|  0%| F|  |TAMS 0x0000000706200000| PB 0x0000000706200000| Untracked |  0
|  16|0x0000000706400000, 0x0000000706400000, 0x0000000706600000|  0%| F|  |TAMS 0x0000000706400000| PB 0x0000000706400000| Untracked |  0
|  17|0x0000000706600000, 0x0000000706600000, 0x0000000706800000|  0%| F|  |TAMS 0x0000000706600000| PB 0x0000000706600000| Untracked |  0
|  18|0x0000000706800000, 0x0000000706800000, 0x0000000706a00000|  0%| F|  |TAMS 0x0000000706800000| PB 0x0000000706800000| Untracked |  0
|  19|0x0000000706a00000, 0x0000000706a00000, 0x0000000706c00000|  0%| F|  |TAMS 0x0000000706a00000| PB 0x0000000706a00000| Untracked |  0
|  20|0x0000000706c00000, 0x0000000706c00000, 0x0000000706e00000|  0%| F|  |TAMS 0x0000000706c00000| PB 0x0000000706c00000| Untracked |  0
|  21|0x0000000706e00000, 0x0000000706e00000, 0x0000000707000000|  0%| F|  |TAMS 0x0000000706e00000| PB 0x0000000706e00000| Untracked |  0
|  22|0x0000000707000000, 0x0000000707000000, 0x0000000707200000|  0%| F|  |TAMS 0x0000000707000000| PB 0x0000000707000000| Untracked |  0
|  23|0x0000000707200000, 0x0000000707200000, 0x0000000707400000|  0%| F|  |TAMS 0x0000000707200000| PB 0x0000000707200000| Untracked |  0
|  24|0x0000000707400000, 0x0000000707400000, 0x0000000707600000|  0%| F|  |TAMS 0x0000000707400000| PB 0x0000000707400000| Untracked |  0
|  25|0x0000000707600000, 0x0000000707600000, 0x0000000707800000|  0%| F|  |TAMS 0x0000000707600000| PB 0x0000000707600000| Untracked |  0
|  26|0x0000000707800000, 0x0000000707800000, 0x0000000707a00000|  0%| F|  |TAMS 0x0000000707800000| PB 0x0000000707800000| Untracked |  0
|  27|0x0000000707a00000, 0x0000000707a00000, 0x0000000707c00000|  0%| F|  |TAMS 0x0000000707a00000| PB 0x0000000707a00000| Untracked |  0
|  28|0x0000000707c00000, 0x0000000707c00000, 0x0000000707e00000|  0%| F|  |TAMS 0x0000000707c00000| PB 0x0000000707c00000| Untracked |  0
|  29|0x0000000707e00000, 0x0000000707e00000, 0x0000000708000000|  0%| F|  |TAMS 0x0000000707e00000| PB 0x0000000707e00000| Untracked |  0
|  30|0x0000000708000000, 0x0000000708000000, 0x0000000708200000|  0%| F|  |TAMS 0x0000000708000000| PB 0x0000000708000000| Untracked |  0
|  31|0x0000000708200000, 0x0000000708200000, 0x0000000708400000|  0%| F|  |TAMS 0x0000000708200000| PB 0x0000000708200000| Untracked |  0
|  32|0x0000000708400000, 0x0000000708400000, 0x0000000708600000|  0%| F|  |TAMS 0x0000000708400000| PB 0x0000000708400000| Untracked |  0
|  33|0x0000000708600000, 0x0000000708600000, 0x0000000708800000|  0%| F|  |TAMS 0x0000000708600000| PB 0x0000000708600000| Untracked |  0
|  34|0x0000000708800000, 0x0000000708800000, 0x0000000708a00000|  0%| F|  |TAMS 0x0000000708800000| PB 0x0000000708800000| Untracked |  0
|  35|0x0000000708a00000, 0x0000000708a00000, 0x0000000708c00000|  0%| F|  |TAMS 0x0000000708a00000| PB 0x0000000708a00000| Untracked |  0
|  36|0x0000000708c00000, 0x0000000708c00000, 0x0000000708e00000|  0%| F|  |TAMS 0x0000000708c00000| PB 0x0000000708c00000| Untracked |  0
|  37|0x0000000708e00000, 0x0000000708e00000, 0x0000000709000000|  0%| F|  |TAMS 0x0000000708e00000| PB 0x0000000708e00000| Untracked |  0
|  38|0x0000000709000000, 0x0000000709000000, 0x0000000709200000|  0%| F|  |TAMS 0x0000000709000000| PB 0x0000000709000000| Untracked |  0
|  39|0x0000000709200000, 0x0000000709200000, 0x0000000709400000|  0%| F|  |TAMS 0x0000000709200000| PB 0x0000000709200000| Untracked |  0
|  40|0x0000000709400000, 0x0000000709400000, 0x0000000709600000|  0%| F|  |TAMS 0x0000000709400000| PB 0x0000000709400000| Untracked |  0
|  41|0x0000000709600000, 0x0000000709600000, 0x0000000709800000|  0%| F|  |TAMS 0x0000000709600000| PB 0x0000000709600000| Untracked |  0
|  42|0x0000000709800000, 0x0000000709800000, 0x0000000709a00000|  0%| F|  |TAMS 0x0000000709800000| PB 0x0000000709800000| Untracked |  0
|  43|0x0000000709a00000, 0x0000000709a00000, 0x0000000709c00000|  0%| F|  |TAMS 0x0000000709a00000| PB 0x0000000709a00000| Untracked |  0
|  44|0x0000000709c00000, 0x0000000709c00000, 0x0000000709e00000|  0%| F|  |TAMS 0x0000000709c00000| PB 0x0000000709c00000| Untracked |  0
|  45|0x0000000709e00000, 0x0000000709e00000, 0x000000070a000000|  0%| F|  |TAMS 0x0000000709e00000| PB 0x0000000709e00000| Untracked |  0
|  46|0x000000070a000000, 0x000000070a000000, 0x000000070a200000|  0%| F|  |TAMS 0x000000070a000000| PB 0x000000070a000000| Untracked |  0
|  47|0x000000070a200000, 0x000000070a200000, 0x000000070a400000|  0%| F|  |TAMS 0x000000070a200000| PB 0x000000070a200000| Untracked |  0
|  48|0x000000070a400000, 0x000000070a400000, 0x000000070a600000|  0%| F|  |TAMS 0x000000070a400000| PB 0x000000070a400000| Untracked |  0
|  49|0x000000070a600000, 0x000000070a600000, 0x000000070a800000|  0%| F|  |TAMS 0x000000070a600000| PB 0x000000070a600000| Untracked |  0
|  50|0x000000070a800000, 0x000000070a800000, 0x000000070aa00000|  0%| F|  |TAMS 0x000000070a800000| PB 0x000000070a800000| Untracked |  0
|  51|0x000000070aa00000, 0x000000070aa00000, 0x000000070ac00000|  0%| F|  |TAMS 0x000000070aa00000| PB 0x000000070aa00000| Untracked |  0
|  52|0x000000070ac00000, 0x000000070ac00000, 0x000000070ae00000|  0%| F|  |TAMS 0x000000070ac00000| PB 0x000000070ac00000| Untracked |  0
|  53|0x000000070ae00000, 0x000000070ae00000, 0x000000070b000000|  0%| F|  |TAMS 0x000000070ae00000| PB 0x000000070ae00000| Untracked |  0
|  54|0x000000070b000000, 0x000000070b000000, 0x000000070b200000|  0%| F|  |TAMS 0x000000070b000000| PB 0x000000070b000000| Untracked |  0
|  55|0x000000070b200000, 0x000000070b200000, 0x000000070b400000|  0%| F|  |TAMS 0x000000070b200000| PB 0x000000070b200000| Untracked |  0
|  56|0x000000070b400000, 0x000000070b400000, 0x000000070b600000|  0%| F|  |TAMS 0x000000070b400000| PB 0x000000070b400000| Untracked |  0
|  57|0x000000070b600000, 0x000000070b600000, 0x000000070b800000|  0%| F|  |TAMS 0x000000070b600000| PB 0x000000070b600000| Untracked |  0
|  58|0x000000070b800000, 0x000000070b800000, 0x000000070ba00000|  0%| F|  |TAMS 0x000000070b800000| PB 0x000000070b800000| Untracked |  0
|  59|0x000000070ba00000, 0x000000070ba00000, 0x000000070bc00000|  0%| F|  |TAMS 0x000000070ba00000| PB 0x000000070ba00000| Untracked |  0
|  60|0x000000070bc00000, 0x000000070bc00000, 0x000000070be00000|  0%| F|  |TAMS 0x000000070bc00000| PB 0x000000070bc00000| Untracked |  0
|  61|0x000000070be00000, 0x000000070be00000, 0x000000070c000000|  0%| F|  |TAMS 0x000000070be00000| PB 0x000000070be00000| Untracked |  0
|  62|0x000000070c000000, 0x000000070c000000, 0x000000070c200000|  0%| F|  |TAMS 0x000000070c000000| PB 0x000000070c000000| Untracked |  0
|  63|0x000000070c200000, 0x000000070c200000, 0x000000070c400000|  0%| F|  |TAMS 0x000000070c200000| PB 0x000000070c200000| Untracked |  0
|  64|0x000000070c400000, 0x000000070c400000, 0x000000070c600000|  0%| F|  |TAMS 0x000000070c400000| PB 0x000000070c400000| Untracked |  0
|  65|0x000000070c600000, 0x000000070c600000, 0x000000070c800000|  0%| F|  |TAMS 0x000000070c600000| PB 0x000000070c600000| Untracked |  0
|  66|0x000000070c800000, 0x000000070c800000, 0x000000070ca00000|  0%| F|  |TAMS 0x000000070c800000| PB 0x000000070c800000| Untracked |  0
|  67|0x000000070ca00000, 0x000000070ca00000, 0x000000070cc00000|  0%| F|  |TAMS 0x000000070ca00000| PB 0x000000070ca00000| Untracked |  0
|  68|0x000000070cc00000, 0x000000070cc00000, 0x000000070ce00000|  0%| F|  |TAMS 0x000000070cc00000| PB 0x000000070cc00000| Untracked |  0
|  69|0x000000070ce00000, 0x000000070ce00000, 0x000000070d000000|  0%| F|  |TAMS 0x000000070ce00000| PB 0x000000070ce00000| Untracked |  0
|  70|0x000000070d000000, 0x000000070d000000, 0x000000070d200000|  0%| F|  |TAMS 0x000000070d000000| PB 0x000000070d000000| Untracked |  0
|  71|0x000000070d200000, 0x000000070d200000, 0x000000070d400000|  0%| F|  |TAMS 0x000000070d200000| PB 0x000000070d200000| Untracked |  0
|  72|0x000000070d400000, 0x000000070d400000, 0x000000070d600000|  0%| F|  |TAMS 0x000000070d400000| PB 0x000000070d400000| Untracked |  0
|  73|0x000000070d600000, 0x000000070d600000, 0x000000070d800000|  0%| F|  |TAMS 0x000000070d600000| PB 0x000000070d600000| Untracked |  0
|  74|0x000000070d800000, 0x000000070d800000, 0x000000070da00000|  0%| F|  |TAMS 0x000000070d800000| PB 0x000000070d800000| Untracked |  0
|  75|0x000000070da00000, 0x000000070da00000, 0x000000070dc00000|  0%| F|  |TAMS 0x000000070da00000| PB 0x000000070da00000| Untracked |  0
|  76|0x000000070dc00000, 0x000000070dc00000, 0x000000070de00000|  0%| F|  |TAMS 0x000000070dc00000| PB 0x000000070dc00000| Untracked |  0
|  77|0x000000070de00000, 0x000000070de00000, 0x000000070e000000|  0%| F|  |TAMS 0x000000070de00000| PB 0x000000070de00000| Untracked |  0
|  78|0x000000070e000000, 0x000000070e000000, 0x000000070e200000|  0%| F|  |TAMS 0x000000070e000000| PB 0x000000070e000000| Untracked |  0
|  79|0x000000070e200000, 0x000000070e200000, 0x000000070e400000|  0%| F|  |TAMS 0x000000070e200000| PB 0x000000070e200000| Untracked |  0
|  80|0x000000070e400000, 0x000000070e400000, 0x000000070e600000|  0%| F|  |TAMS 0x000000070e400000| PB 0x000000070e400000| Untracked |  0
|  81|0x000000070e600000, 0x000000070e600000, 0x000000070e800000|  0%| F|  |TAMS 0x000000070e600000| PB 0x000000070e600000| Untracked |  0
|  82|0x000000070e800000, 0x000000070e800000, 0x000000070ea00000|  0%| F|  |TAMS 0x000000070e800000| PB 0x000000070e800000| Untracked |  0
|  83|0x000000070ea00000, 0x000000070ea00000, 0x000000070ec00000|  0%| F|  |TAMS 0x000000070ea00000| PB 0x000000070ea00000| Untracked |  0
|  84|0x000000070ec00000, 0x000000070ec00000, 0x000000070ee00000|  0%| F|  |TAMS 0x000000070ec00000| PB 0x000000070ec00000| Untracked |  0
|  85|0x000000070ee00000, 0x000000070ee00000, 0x000000070f000000|  0%| F|  |TAMS 0x000000070ee00000| PB 0x000000070ee00000| Untracked |  0
|  86|0x000000070f000000, 0x000000070f000000, 0x000000070f200000|  0%| F|  |TAMS 0x000000070f000000| PB 0x000000070f000000| Untracked |  0
|  87|0x000000070f200000, 0x000000070f200000, 0x000000070f400000|  0%| F|  |TAMS 0x000000070f200000| PB 0x000000070f200000| Untracked |  0
|  88|0x000000070f400000, 0x000000070f400000, 0x000000070f600000|  0%| F|  |TAMS 0x000000070f400000| PB 0x000000070f400000| Untracked |  0
|  89|0x000000070f600000, 0x000000070f600000, 0x000000070f800000|  0%| F|  |TAMS 0x000000070f600000| PB 0x000000070f600000| Untracked |  0
|  90|0x000000070f800000, 0x000000070f800000, 0x000000070fa00000|  0%| F|  |TAMS 0x000000070f800000| PB 0x000000070f800000| Untracked |  0
|  91|0x000000070fa00000, 0x000000070fa00000, 0x000000070fc00000|  0%| F|  |TAMS 0x000000070fa00000| PB 0x000000070fa00000| Untracked |  0
|  92|0x000000070fc00000, 0x000000070fc00000, 0x000000070fe00000|  0%| F|  |TAMS 0x000000070fc00000| PB 0x000000070fc00000| Untracked |  0
|  93|0x000000070fe00000, 0x000000070fe00000, 0x0000000710000000|  0%| F|  |TAMS 0x000000070fe00000| PB 0x000000070fe00000| Untracked |  0
|  94|0x0000000710000000, 0x0000000710000000, 0x0000000710200000|  0%| F|  |TAMS 0x0000000710000000| PB 0x0000000710000000| Untracked |  0
|  95|0x0000000710200000, 0x0000000710200000, 0x0000000710400000|  0%| F|  |TAMS 0x0000000710200000| PB 0x0000000710200000| Untracked |  0
|  96|0x0000000710400000, 0x0000000710400000, 0x0000000710600000|  0%| F|  |TAMS 0x0000000710400000| PB 0x0000000710400000| Untracked |  0
|  97|0x0000000710600000, 0x0000000710600000, 0x0000000710800000|  0%| F|  |TAMS 0x0000000710600000| PB 0x0000000710600000| Untracked |  0
|  98|0x0000000710800000, 0x0000000710800000, 0x0000000710a00000|  0%| F|  |TAMS 0x0000000710800000| PB 0x0000000710800000| Untracked |  0
|  99|0x0000000710a00000, 0x0000000710a00000, 0x0000000710c00000|  0%| F|  |TAMS 0x0000000710a00000| PB 0x0000000710a00000| Untracked |  0
| 100|0x0000000710c00000, 0x0000000710c00000, 0x0000000710e00000|  0%| F|  |TAMS 0x0000000710c00000| PB 0x0000000710c00000| Untracked |  0
| 101|0x0000000710e00000, 0x0000000710e00000, 0x0000000711000000|  0%| F|  |TAMS 0x0000000710e00000| PB 0x0000000710e00000| Untracked |  0
| 102|0x0000000711000000, 0x0000000711000000, 0x0000000711200000|  0%| F|  |TAMS 0x0000000711000000| PB 0x0000000711000000| Untracked |  0
| 103|0x0000000711200000, 0x0000000711200000, 0x0000000711400000|  0%| F|  |TAMS 0x0000000711200000| PB 0x0000000711200000| Untracked |  0
| 104|0x0000000711400000, 0x0000000711400000, 0x0000000711600000|  0%| F|  |TAMS 0x0000000711400000| PB 0x0000000711400000| Untracked |  0
| 105|0x0000000711600000, 0x0000000711600000, 0x0000000711800000|  0%| F|  |TAMS 0x0000000711600000| PB 0x0000000711600000| Untracked |  0
| 106|0x0000000711800000, 0x00000007119eb8a0, 0x0000000711a00000| 96%| E|  |TAMS 0x0000000711800000| PB 0x0000000711800000| Complete |  0
| 107|0x0000000711a00000, 0x0000000711c00000, 0x0000000711c00000|100%| E|CS|TAMS 0x0000000711a00000| PB 0x0000000711a00000| Complete |  0
| 108|0x0000000711c00000, 0x0000000711e00000, 0x0000000711e00000|100%| E|CS|TAMS 0x0000000711c00000| PB 0x0000000711c00000| Complete |  0
| 109|0x0000000711e00000, 0x0000000712000000, 0x0000000712000000|100%| E|CS|TAMS 0x0000000711e00000| PB 0x0000000711e00000| Complete |  0
| 110|0x0000000712000000, 0x0000000712200000, 0x0000000712200000|100%| E|CS|TAMS 0x0000000712000000| PB 0x0000000712000000| Complete |  0
| 111|0x0000000712200000, 0x0000000712400000, 0x0000000712400000|100%| E|CS|TAMS 0x0000000712200000| PB 0x0000000712200000| Complete |  0
| 112|0x0000000712400000, 0x0000000712600000, 0x0000000712600000|100%| E|CS|TAMS 0x0000000712400000| PB 0x0000000712400000| Complete |  0
| 113|0x0000000712600000, 0x0000000712800000, 0x0000000712800000|100%| E|CS|TAMS 0x0000000712600000| PB 0x0000000712600000| Complete |  0
| 114|0x0000000712800000, 0x0000000712a00000, 0x0000000712a00000|100%| E|CS|TAMS 0x0000000712800000| PB 0x0000000712800000| Complete |  0
| 115|0x0000000712a00000, 0x0000000712c00000, 0x0000000712c00000|100%| E|CS|TAMS 0x0000000712a00000| PB 0x0000000712a00000| Complete |  0
| 116|0x0000000712c00000, 0x0000000712e00000, 0x0000000712e00000|100%| E|CS|TAMS 0x0000000712c00000| PB 0x0000000712c00000| Complete |  0
| 117|0x0000000712e00000, 0x0000000713000000, 0x0000000713000000|100%| E|CS|TAMS 0x0000000712e00000| PB 0x0000000712e00000| Complete |  0
| 118|0x0000000713000000, 0x0000000713200000, 0x0000000713200000|100%| E|CS|TAMS 0x0000000713000000| PB 0x0000000713000000| Complete |  0
| 119|0x0000000713200000, 0x0000000713400000, 0x0000000713400000|100%| E|CS|TAMS 0x0000000713200000| PB 0x0000000713200000| Complete |  0
| 120|0x0000000713400000, 0x0000000713600000, 0x0000000713600000|100%| E|CS|TAMS 0x0000000713400000| PB 0x0000000713400000| Complete |  0
| 121|0x0000000713600000, 0x0000000713800000, 0x0000000713800000|100%| E|CS|TAMS 0x0000000713600000| PB 0x0000000713600000| Complete |  0
| 122|0x0000000713800000, 0x0000000713a00000, 0x0000000713a00000|100%| E|CS|TAMS 0x0000000713800000| PB 0x0000000713800000| Complete |  0
| 123|0x0000000713a00000, 0x0000000713c00000, 0x0000000713c00000|100%| E|CS|TAMS 0x0000000713a00000| PB 0x0000000713a00000| Complete |  0
| 124|0x0000000713c00000, 0x0000000713e00000, 0x0000000713e00000|100%| E|CS|TAMS 0x0000000713c00000| PB 0x0000000713c00000| Complete |  0
| 125|0x0000000713e00000, 0x0000000714000000, 0x0000000714000000|100%| E|CS|TAMS 0x0000000713e00000| PB 0x0000000713e00000| Complete |  0
|2013|0x00000007ffe00000, 0x00000007fff1c348, 0x0000000800000000| 55%| O|  |TAMS 0x00000007ffe00000| PB 0x00000007ffe00000| Untracked |  0

Card table byte_map: [0x0000025d4bf50000,0x0000025d4c730000] _byte_map_base: 0x0000025d4872e000

Marking Bits: (CMBitMap*) 0x0000025d33363600
 Bits: [0x0000025d4c730000, 0x0000025d50620000)

Polling page: 0x0000025d31170000

Metaspace:

Usage:
  Non-class:      7.01 MB used.
      Class:    741.70 KB used.
       Both:      7.74 MB used.

Virtual space:
  Non-class space:       64.00 MB reserved,       7.12 MB ( 11%) committed,  1 nodes.
      Class space:        1.00 GB reserved,     896.00 KB ( <1%) committed,  1 nodes.
             Both:        1.06 GB reserved,       8.00 MB ( <1%) committed. 

Chunk freelists:
   Non-Class:  8.47 MB
       Class:  15.19 MB
        Both:  23.66 MB

MaxMetaspaceSize: unlimited
CompressedClassSpaceSize: 1.00 GB
Initial GC threshold: 21.00 MB
Current GC threshold: 21.00 MB
CDS: on
 - commit_granule_bytes: 65536.
 - commit_granule_words: 8192.
 - virtual_space_node_default_size: 8388608.
 - enlarge_chunks_in_place: 1.
UseCompressedClassPointers 1, UseCompactObjectHeaders 0
Narrow klass pointer bits 32, Max shift 3
Narrow klass base: 0x0000025d54000000, Narrow klass shift: 0
Encoding Range: [0x0000025d54000000 - 0x0000025e54000000), (4294967296 bytes)
Klass Range:    [0x0000025d54000000 - 0x0000025d95000000), (1090519040 bytes)
Klass ID Range:  [8 - 1090519033) (1090519025)


Internal statistics:

num_allocs_failed_limit: 0.
num_arena_births: 210.
num_arena_deaths: 0.
num_vsnodes_births: 2.
num_vsnodes_deaths: 0.
num_space_committed: 128.
num_space_uncommitted: 0.
num_chunks_returned_to_freelist: 0.
num_chunks_taken_from_freelist: 294.
num_chunk_merges: 0.
num_chunk_splits: 164.
num_chunks_enlarged: 47.
num_inconsistent_stats: 0.

CodeHeap 'non-profiled nmethods': size=119232Kb used=630Kb max_used=630Kb free=118601Kb
 bounds [0x0000025d43730000, 0x0000025d439a0000, 0x0000025d4aba0000]
CodeHeap 'profiled nmethods': size=119104Kb used=3078Kb max_used=3078Kb free=116025Kb
 bounds [0x0000025d3bba0000, 0x0000025d3beb0000, 0x0000025d42ff0000]
CodeHeap 'non-nmethods': size=7424Kb used=3021Kb max_used=3081Kb free=4402Kb
 bounds [0x0000025d42ff0000, 0x0000025d43300000, 0x0000025d43730000]
CodeCache: size=245760Kb, used=6729Kb, max_used=6789Kb, free=239028Kb
 total_blobs=2566, nmethods=2066, adapters=402, full_count=0
Compilation: enabled, stopped_count=0, restarted_count=0

Compilation events (20 events):
Event: 5.493 Thread 0x0000025d536e3670 nmethod 2057 0x0000025d3be9f388 code [0x0000025d3be9f4a0, 0x0000025d3be9f5e8]
Event: 5.493 Thread 0x0000025d991df360 2063       1       jdk.jfr.internal.PlatformEventType::isEnabled (5 bytes)
Event: 5.493 Thread 0x0000025d9aae1580 2061       1       jdk.jfr.internal.EventControl::getSettingsId (5 bytes)
Event: 5.493 Thread 0x0000025d536e3670 2062       1       jdk.jfr.internal.EventControl::getNamedControls (5 bytes)
Event: 5.494 Thread 0x0000025d991df360 nmethod 2063 0x0000025d437c7308 code [0x0000025d437c7400, 0x0000025d437c74c8]
Event: 5.494 Thread 0x0000025d9aae1580 nmethod 2061 0x0000025d437c7608 code [0x0000025d437c7700, 0x0000025d437c77c8]
Event: 5.494 Thread 0x0000025d536e3670 nmethod 2062 0x0000025d437c7908 code [0x0000025d437c7a00, 0x0000025d437c7ac8]
Event: 5.494 Thread 0x0000025d991de440 nmethod 2064 0x0000025d3be9f688 code [0x0000025d3be9f920, 0x0000025d3bea0d78]
Event: 5.496 Thread 0x0000025d536e3670 2065       1       jdk.jfr.internal.periodic.EventTask::getEventType (5 bytes)
Event: 5.496 Thread 0x0000025d536e3670 nmethod 2065 0x0000025d437c7c08 code [0x0000025d437c7d00, 0x0000025d437c7dc8]
Event: 5.497 Thread 0x0000025d536e3670 2066       1       jdk.jfr.internal.periodic.PeriodicTask::getPeriod (5 bytes)
Event: 5.497 Thread 0x0000025d991df360 2067       3       java.util.Comparator$$Lambda/0x0000025d550a6b10::compare (10 bytes)
Event: 5.497 Thread 0x0000025d991de440 2068       3       java.util.Comparator::lambda$comparingLong$6043328a$1 (18 bytes)
Event: 5.497 Thread 0x0000025d536e3670 nmethod 2066 0x0000025d437c7f08 code [0x0000025d437c8000, 0x0000025d437c80c8]
Event: 5.497 Thread 0x0000025d991ddcb0 nmethod 2047 0x0000025d437c8208 code [0x0000025d437c8320, 0x0000025d437c85b0]
Event: 5.497 Thread 0x0000025d991df360 nmethod 2067 0x0000025d3bea0e08 code [0x0000025d3bea0f60, 0x0000025d3bea13d8]
Event: 5.497 Thread 0x0000025d991de440 nmethod 2068 0x0000025d3bea1408 code [0x0000025d3bea1560, 0x0000025d3bea1940]
Event: 5.500 Thread 0x0000025d991dc600 nmethod 2050 0x0000025d437c8608 code [0x0000025d437c8720, 0x0000025d437c8c20]
Event: 5.501 Thread 0x0000025d991dcd90 nmethod 2022 0x0000025d437c8c88 code [0x0000025d437c8ee0, 0x0000025d437c9b28]
Event: 5.510 Thread 0x0000025d991dfaf0 nmethod 2037 0x0000025d437c9c08 code [0x0000025d437c9f40, 0x0000025d437cd788]

GC Heap History (0 events):
No events

Dll operation events (12 events):
Event: 0.007 Loaded shared library C:\Users\User\.jdks\openjdk-24\bin\java.dll
Event: 0.027 Loaded shared library C:\Users\User\.jdks\openjdk-24\bin\jsvml.dll
Event: 0.046 Loaded shared library C:\Users\User\.jdks\openjdk-24\bin\zip.dll
Event: 0.047 Loaded shared library C:\Users\User\.jdks\openjdk-24\bin\instrument.dll
Event: 0.049 Loaded shared library C:\Users\User\.jdks\openjdk-24\bin\net.dll
Event: 0.050 Loaded shared library C:\Users\User\.jdks\openjdk-24\bin\nio.dll
Event: 0.052 Loaded shared library C:\Users\User\.jdks\openjdk-24\bin\zip.dll
Event: 0.073 Loaded shared library C:\Users\User\.jdks\openjdk-24\bin\extnet.dll
Event: 0.111 Loaded shared library C:\Users\User\.jdks\openjdk-24\bin\jimage.dll
Event: 0.154 Loaded shared library C:\Users\User\.jdks\openjdk-24\bin\management.dll
Event: 0.158 Loaded shared library C:\Users\User\.jdks\openjdk-24\bin\management_ext.dll
Event: 5.357 Loaded shared library C:\Users\User\AppData\Local\Temp\idea_libasyncProfiler_dll_temp_folder\libasyncProfiler.dll

Deoptimization events (20 events):
Event: 5.370 Thread 0x0000025d536e02a0 Uncommon trap: trap_request=0xffffffde fr.pc=0x0000025d43777f3c relative=0x0000000000001b5c
Event: 5.370 Thread 0x0000025d536e02a0 Uncommon trap: reason=class_check action=maybe_recompile pc=0x0000025d43777f3c method=jdk.internal.util.xml.impl.ParserSAX.bflash_ws()V @ 22 c2
Event: 5.370 Thread 0x0000025d536e02a0 DEOPT PACKING pc=0x0000025d43777f3c sp=0x000000e70f3feac0
Event: 5.370 Thread 0x0000025d536e02a0 DEOPT UNPACKING pc=0x0000025d43108602 sp=0x000000e70f3fea40 mode 2
Event: 5.370 Thread 0x0000025d536e02a0 Uncommon trap: trap_request=0xffffffde fr.pc=0x0000025d43777f3c relative=0x0000000000001b5c
Event: 5.370 Thread 0x0000025d536e02a0 Uncommon trap: reason=class_check action=maybe_recompile pc=0x0000025d43777f3c method=jdk.internal.util.xml.impl.ParserSAX.bflash_ws()V @ 22 c2
Event: 5.370 Thread 0x0000025d536e02a0 DEOPT PACKING pc=0x0000025d43777f3c sp=0x000000e70f3feac0
Event: 5.370 Thread 0x0000025d536e02a0 DEOPT UNPACKING pc=0x0000025d43108602 sp=0x000000e70f3fea40 mode 2
Event: 5.433 Thread 0x0000025d536e02a0 Uncommon trap: trap_request=0xffffff4d fr.pc=0x0000025d437b4fe0 relative=0x00000000000000c0
Event: 5.433 Thread 0x0000025d536e02a0 Uncommon trap: reason=unstable_if action=reinterpret pc=0x0000025d437b4fe0 method=jdk.jfr.internal.Type.getKnownType(Ljava/lang/Class;)Ljdk/jfr/internal/Type; @ 47 c2
Event: 5.433 Thread 0x0000025d536e02a0 DEOPT PACKING pc=0x0000025d437b4fe0 sp=0x000000e70f3fe400
Event: 5.433 Thread 0x0000025d536e02a0 DEOPT UNPACKING pc=0x0000025d43108602 sp=0x000000e70f3fe398 mode 2
Event: 5.444 Thread 0x0000025d536e02a0 Uncommon trap: trap_request=0xffffffcc fr.pc=0x0000025d437b83fc relative=0x00000000000003bc
Event: 5.444 Thread 0x0000025d536e02a0 Uncommon trap: reason=intrinsic_or_type_checked_inlining action=make_not_entrant pc=0x0000025d437b83fc method=java.util.Arrays.copyOf([Ljava/lang/Object;ILjava/lang/Class;)[Ljava/lang/Object; @ 35 c2
Event: 5.444 Thread 0x0000025d536e02a0 DEOPT PACKING pc=0x0000025d437b83fc sp=0x000000e70f3fe580
Event: 5.444 Thread 0x0000025d536e02a0 DEOPT UNPACKING pc=0x0000025d43108602 sp=0x000000e70f3fe510 mode 2
Event: 5.484 Thread 0x0000025d536e02a0 Uncommon trap: trap_request=0xffffff4d fr.pc=0x0000025d437c332c relative=0x000000000000020c
Event: 5.484 Thread 0x0000025d536e02a0 Uncommon trap: reason=unstable_if action=reinterpret pc=0x0000025d437c332c method=java.io.ByteArrayOutputStream.ensureCapacity(I)V @ 11 c2
Event: 5.484 Thread 0x0000025d536e02a0 DEOPT PACKING pc=0x0000025d437c332c sp=0x000000e70f3fe7b0
Event: 5.484 Thread 0x0000025d536e02a0 DEOPT UNPACKING pc=0x0000025d43108602 sp=0x000000e70f3fe6e8 mode 2

Classes loaded (20 events):
Event: 5.477 Loading class jdk/jfr/internal/MetadataWriter
Event: 5.477 Loading class jdk/jfr/internal/MetadataWriter done
Event: 5.477 Loading class jdk/jfr/internal/MetadataDescriptor$Element
Event: 5.477 Loading class jdk/jfr/internal/MetadataDescriptor$Element done
Event: 5.477 Loading class jdk/jfr/internal/MetadataDescriptor$Attribute
Event: 5.477 Loading class jdk/jfr/internal/MetadataDescriptor$Attribute done
Event: 5.480 Loading class jdk/jfr/internal/consumer/StringParser$Encoding
Event: 5.480 Loading class jdk/jfr/internal/consumer/StringParser$Encoding done
Event: 5.486 Loading class jdk/jfr/internal/consumer/RepositoryFiles
Event: 5.486 Loading class jdk/jfr/internal/consumer/RepositoryFiles done
Event: 5.490 Loading class jdk/jfr/internal/SettingsManager$InternalSetting
Event: 5.491 Loading class jdk/jfr/internal/SettingsManager$InternalSetting done
Event: 5.491 Loading class jdk/jfr/internal/util/Rate
Event: 5.491 Loading class jdk/jfr/internal/util/Rate done
Event: 5.492 Loading class jdk/jfr/internal/util/TimespanUnit
Event: 5.492 Loading class jdk/jfr/internal/util/TimespanUnit done
Event: 5.492 Loading class jdk/jfr/internal/util/ValueParser
Event: 5.492 Loading class jdk/jfr/internal/util/ValueParser done
Event: 5.493 Loading class jdk/jfr/internal/periodic/PeriodicType
Event: 5.493 Loading class jdk/jfr/internal/periodic/PeriodicType done

Classes unloaded (0 events):
No events

Classes redefined (0 events):
No events

Internal exceptions (20 events):
Event: 0.349 Thread 0x0000025d9953a430 Exception <a 'java/lang/NoSuchMethodError'{0x00000007128b4360}: 'int java.lang.invoke.DelegatingMethodHandle$Holder.reinvoke_L(java.lang.Object, java.lang.Object, java.lang.Object, java.lang.Object, java.lang.Object)'> (0x00000007128b4360) 
thrown [s\open\src\hotspot\share\interpreter\linkResolver.cpp, line 805]
Event: 0.353 Thread 0x0000025d9953a430 Exception <a 'java/lang/NoSuchMethodError'{0x00000007128f7730}: 'java.lang.Object java.lang.invoke.DirectMethodHandle$Holder.invokeStatic(java.lang.Object, java.lang.Object, java.lang.Object, java.lang.Object, java.lang.Object, java.lang.Object, java.lang.Object, java.lang.Object)'> (0x00000007128f7730) 
thrown [s\open\src\hotspot\share\interpreter\linkResolver.cpp, line 805]
Event: 0.356 Thread 0x0000025d9953a430 Exception <a 'java/lang/NoSuchMethodError'{0x000000071271a378}: 'java.lang.Object java.lang.invoke.DirectMethodHandle$Holder.invokeStatic(java.lang.Object, java.lang.Object, java.lang.Object, java.lang.Object, java.lang.Object, java.lang.Object, java.lang.Object, java.lang.Object, java.lang.Object)'> (0x000000071271a378) 
thrown [s\open\src\hotspot\share\interpreter\linkResolver.cpp, line 805]
Event: 0.360 Thread 0x0000025d9953a430 Exception <a 'java/lang/NoSuchMethodError'{0x000000071272d828}: 'java.lang.Object java.lang.invoke.Invokers$Holder.invokeExact_MT(java.lang.Object, java.lang.Object, java.lang.Object, java.lang.Object, java.lang.Object, java.lang.Object)'> (0x000000071272d828) 
thrown [s\open\src\hotspot\share\interpreter\linkResolver.cpp, line 805]
Event: 0.363 Thread 0x0000025d9953a430 Exception <a 'java/lang/NoSuchMethodError'{0x0000000712739568}: 'java.lang.Object java.lang.invoke.DirectMethodHandle$Holder.invokeInterface(java.lang.Object, java.lang.Object, java.lang.Object, java.lang.Object, java.lang.Object)'> (0x0000000712739568) 
thrown [s\open\src\hotspot\share\interpreter\linkResolver.cpp, line 805]
Event: 0.369 Thread 0x0000025d9953a430 Exception <a 'java/lang/NoSuchMethodError'{0x0000000712783f70}: 'double java.lang.invoke.DirectMethodHandle$Holder.invokeInterface(java.lang.Object, java.lang.Object)'> (0x0000000712783f70) 
thrown [s\open\src\hotspot\share\interpreter\linkResolver.cpp, line 805]
Event: 0.370 Thread 0x0000025d9953a430 Exception <a 'java/lang/NoSuchMethodError'{0x0000000712794be0}: 'double java.lang.invoke.DelegatingMethodHandle$Holder.reinvoke_L(java.lang.Object, java.lang.Object)'> (0x0000000712794be0) 
thrown [s\open\src\hotspot\share\interpreter\linkResolver.cpp, line 805]
Event: 0.540 Thread 0x0000025d9953a430 Exception <a 'java/lang/NoSuchMethodError'{0x00000007127bc7a0}: 'long java.lang.invoke.DirectMethodHandle$Holder.invokeVirtual(java.lang.Object, java.lang.Object)'> (0x00000007127bc7a0) 
thrown [s\open\src\hotspot\share\interpreter\linkResolver.cpp, line 805]
Event: 0.540 Thread 0x0000025d9953a430 Exception <a 'java/lang/NoSuchMethodError'{0x00000007127c4a90}: 'java.lang.Object java.lang.invoke.DirectMethodHandle$Holder.invokeStatic(java.lang.Object, long)'> (0x00000007127c4a90) 
thrown [s\open\src\hotspot\share\interpreter\linkResolver.cpp, line 805]
Event: 0.541 Thread 0x0000025d9953a430 Exception <a 'java/lang/NoSuchMethodError'{0x00000007127d4b38}: 'long java.lang.invoke.DelegatingMethodHandle$Holder.reinvoke_L(java.lang.Object, java.lang.Object)'> (0x00000007127d4b38) 
thrown [s\open\src\hotspot\share\interpreter\linkResolver.cpp, line 805]
Event: 5.384 Thread 0x0000025d536e02a0 Exception <a 'java/lang/NoSuchMethodError'{0x0000000712274a68}: 'void java.lang.invoke.DirectMethodHandle$Holder.invokeStaticInit(java.lang.Object)'> (0x0000000712274a68) 
thrown [s\open\src\hotspot\share\interpreter\linkResolver.cpp, line 805]
Event: 5.389 Thread 0x0000025d536e02a0 Exception <a 'java/lang/NoSuchMethodError'{0x00000007122d3218}: 'java.lang.Object java.lang.invoke.DirectMethodHandle$Holder.newInvokeSpecial(java.lang.Object, java.lang.Object, java.lang.Object, java.lang.Object, java.lang.Object)'> (0x00000007122d3218) 
thrown [s\open\src\hotspot\share\interpreter\linkResolver.cpp, line 805]
Event: 5.409 Thread 0x0000025d536e02a0 Exception <a 'java/lang/NoSuchMethodError'{0x0000000712068508}: 'int java.lang.invoke.DirectMethodHandle$Holder.invokeStatic(java.lang.Object, java.lang.Object, java.lang.Object, java.lang.Object)'> (0x0000000712068508) 
thrown [s\open\src\hotspot\share\interpreter\linkResolver.cpp, line 805]
Event: 5.467 Thread 0x0000025d536e02a0 Exception <a 'java/lang/NoSuchMethodError'{0x0000000711d82c88}: 'void java.lang.invoke.DirectMethodHandle$Holder.invokeSpecial(java.lang.Object, java.lang.Object, int)'> (0x0000000711d82c88) 
thrown [s\open\src\hotspot\share\interpreter\linkResolver.cpp, line 805]
Event: 5.467 Thread 0x0000025d536e02a0 Exception <a 'java/lang/NoSuchMethodError'{0x0000000711d8a8a8}: 'void java.lang.invoke.Invokers$Holder.invokeExact_MT(java.lang.Object, int, java.lang.Object)'> (0x0000000711d8a8a8) 
thrown [s\open\src\hotspot\share\interpreter\linkResolver.cpp, line 805]
Event: 5.468 Thread 0x0000025d536e02a0 Exception <a 'java/lang/NoSuchMethodError'{0x0000000711da5108}: 'void java.lang.invoke.DirectMethodHandle$Holder.invokeStatic(java.lang.Object, java.lang.Object, int)'> (0x0000000711da5108) 
thrown [s\open\src\hotspot\share\interpreter\linkResolver.cpp, line 805]
Event: 5.469 Thread 0x0000025d536e02a0 Exception <a 'java/lang/NoSuchMethodError'{0x0000000711db4010}: 'java.lang.Object java.lang.invoke.DirectMethodHandle$Holder.newInvokeSpecial(java.lang.Object, java.lang.Object, int)'> (0x0000000711db4010) 
thrown [s\open\src\hotspot\share\interpreter\linkResolver.cpp, line 805]
Event: 5.472 Thread 0x0000025d536e02a0 Exception <a 'sun/nio/fs/WindowsException'{0x0000000711de7f90}> (0x0000000711de7f90) 
thrown [s\open\src\hotspot\share\prims\jni.cpp, line 518]
Event: 5.473 Thread 0x0000025d536e02a0 Exception <a 'sun/nio/fs/WindowsException'{0x0000000711a0c3b8}> (0x0000000711a0c3b8) 
thrown [s\open\src\hotspot\share\prims\jni.cpp, line 518]
Event: 5.475 Thread 0x0000025d536e02a0 Exception <a 'sun/nio/fs/WindowsException'{0x0000000711a1e180}> (0x0000000711a1e180) 
thrown [s\open\src\hotspot\share\prims\jni.cpp, line 518]

VM Operations (12 events):
Event: 0.118 Executing VM operation: HandshakeAllThreads (Deoptimize)
Event: 0.118 Executing VM operation: HandshakeAllThreads (Deoptimize) done
Event: 0.275 Executing VM operation: HandshakeAllThreads (Deoptimize)
Event: 0.275 Executing VM operation: HandshakeAllThreads (Deoptimize) done
Event: 0.313 Executing VM operation: HandshakeAllThreads (Deoptimize)
Event: 0.313 Executing VM operation: HandshakeAllThreads (Deoptimize) done
Event: 0.341 Executing VM operation: HandshakeAllThreads (Deoptimize)
Event: 0.341 Executing VM operation: HandshakeAllThreads (Deoptimize) done
Event: 5.470 Executing VM operation: HandshakeAllThreads (Deoptimize)
Event: 5.470 Executing VM operation: HandshakeAllThreads (Deoptimize) done
Event: 5.487 Executing VM operation: JFRSafepointClear
Event: 5.487 Executing VM operation: JFRSafepointClear done

Memory protections (0 events):
No events

Nmethod flushes (0 events):
No events

Events (20 events):
Event: 0.539 Thread 0x0000025d53aa35d0 Thread exited: 0x0000025d53aa35d0
Event: 0.539 Thread 0x0000025d53aa0c00 Thread exited: 0x0000025d53aa0c00
Event: 1.070 Thread 0x0000025d53a472d0 Thread exited: 0x0000025d53a472d0
Event: 1.070 Thread 0x0000025d53a44b30 Thread exited: 0x0000025d53a44b30
Event: 1.558 Thread 0x0000025d536b9370 Thread exited: 0x0000025d536b9370
Event: 5.074 Thread 0x0000025d53bfc760 Thread exited: 0x0000025d53bfc760
Event: 5.074 Thread 0x0000025d53c16710 Thread exited: 0x0000025d53c16710
Event: 5.074 Thread 0x0000025d53bfdc80 Thread exited: 0x0000025d53bfdc80
Event: 5.074 Thread 0x0000025d53bfd2c0 Thread exited: 0x0000025d53bfd2c0
Event: 5.370 Thread 0x0000025d536e3670 Thread added: 0x0000025d991ddcb0
Event: 5.370 Thread 0x0000025d536e3670 Thread added: 0x0000025d991debd0
Event: 5.373 Thread 0x0000025d536e3670 Thread added: 0x0000025d991df360
Event: 5.373 Thread 0x0000025d536e3670 Thread added: 0x0000025d991de440
Event: 5.383 Thread 0x0000025d536e02a0 Thread added: 0x0000025d9953b2d0
Event: 5.408 Thread 0x0000025d991de440 Thread added: 0x0000025d991dcd90
Event: 5.415 Thread 0x0000025d991df360 Thread added: 0x0000025d991dfaf0
Event: 5.415 Thread 0x0000025d536e3670 Thread added: 0x0000025d991dd520
Event: 5.415 Thread 0x0000025d991df360 Thread added: 0x0000025d991dc600
Event: 5.465 Thread 0x0000025d991de440 Thread added: 0x0000025d9aae1580
Event: 5.469 Thread 0x0000025d536e02a0 Thread added: 0x0000025d99539ce0


Dynamic libraries:
0x00007ff7b7a30000 - 0x00007ff7b7a3e000 	C:\Users\User\.jdks\openjdk-24\bin\java.exe
0x00007ffa8fae0000 - 0x00007ffa8fd48000 	C:\WINDOWS\SYSTEM32\ntdll.dll
0x00007ffa8e2a0000 - 0x00007ffa8e369000 	C:\WINDOWS\System32\KERNEL32.DLL
0x00007ffa8d490000 - 0x00007ffa8d87d000 	C:\WINDOWS\System32\KERNELBASE.dll
0x00007ffa8d340000 - 0x00007ffa8d48b000 	C:\WINDOWS\System32\ucrtbase.dll
0x00007ffa829c0000 - 0x00007ffa829db000 	C:\Users\User\.jdks\openjdk-24\bin\VCRUNTIME140.dll
0x00007ffa85e00000 - 0x00007ffa85e16000 	C:\Users\User\.jdks\openjdk-24\bin\jli.dll
0x00007ffa7b9a0000 - 0x00007ffa7bc3a000 	C:\WINDOWS\WinSxS\amd64_microsoft.windows.common-controls_6595b64144ccf1df_6.0.26100.4484_none_3e0e6d4ce32ef3b3\COMCTL32.dll
0x00007ffa8f610000 - 0x00007ffa8f7dc000 	C:\WINDOWS\System32\USER32.dll
0x00007ffa8dc50000 - 0x00007ffa8dcf9000 	C:\WINDOWS\System32\msvcrt.dll
0x00007ffa8d310000 - 0x00007ffa8d337000 	C:\WINDOWS\System32\win32u.dll
0x00007ffa8e1f0000 - 0x00007ffa8e21b000 	C:\WINDOWS\System32\GDI32.dll
0x00007ffa8d1d0000 - 0x00007ffa8d307000 	C:\WINDOWS\System32\gdi32full.dll
0x00007ffa8cd60000 - 0x00007ffa8ce03000 	C:\WINDOWS\System32\msvcp_win.dll
0x00007ffa8f7e0000 - 0x00007ffa8f80f000 	C:\WINDOWS\System32\IMM32.DLL
0x00007ffa85df0000 - 0x00007ffa85dfc000 	C:\Users\User\.jdks\openjdk-24\bin\vcruntime140_1.dll
0x00007ffa52c40000 - 0x00007ffa52cce000 	C:\Users\User\.jdks\openjdk-24\bin\msvcp140.dll
0x00007ffa05b30000 - 0x00007ffa068d2000 	C:\Users\User\.jdks\openjdk-24\bin\server\jvm.dll
0x00007ffa8ec50000 - 0x00007ffa8ed04000 	C:\WINDOWS\System32\ADVAPI32.dll
0x00007ffa8ee10000 - 0x00007ffa8eeb6000 	C:\WINDOWS\System32\sechost.dll
0x00007ffa8eb30000 - 0x00007ffa8ec48000 	C:\WINDOWS\System32\RPCRT4.dll
0x00007ffa8e220000 - 0x00007ffa8e294000 	C:\WINDOWS\System32\WS2_32.dll
0x00007ffa8c290000 - 0x00007ffa8c2ee000 	C:\WINDOWS\SYSTEM32\POWRPROF.dll
0x00007ffa7fe30000 - 0x00007ffa7fe65000 	C:\WINDOWS\SYSTEM32\WINMM.dll
0x00007ffa83bb0000 - 0x00007ffa83bbb000 	C:\WINDOWS\SYSTEM32\VERSION.dll
0x00007ffa8c270000 - 0x00007ffa8c284000 	C:\WINDOWS\SYSTEM32\UMPDC.dll
0x00007ffa8b990000 - 0x00007ffa8b9ab000 	C:\WINDOWS\SYSTEM32\kernel.appcore.dll
0x00007ffa82420000 - 0x00007ffa8242a000 	C:\Users\User\.jdks\openjdk-24\bin\jimage.dll
0x00007ffa8a520000 - 0x00007ffa8a761000 	C:\WINDOWS\SYSTEM32\DBGHELP.DLL
0x00007ffa8eed0000 - 0x00007ffa8f256000 	C:\WINDOWS\System32\combase.dll
0x00007ffa8f9b0000 - 0x00007ffa8fa90000 	C:\WINDOWS\System32\OLEAUT32.dll
0x00007ffa62c00000 - 0x00007ffa62c43000 	C:\WINDOWS\SYSTEM32\dbgcore.DLL
0x00007ffa8cc30000 - 0x00007ffa8ccc9000 	C:\WINDOWS\System32\bcryptPrimitives.dll
0x00007ffa58a20000 - 0x00007ffa58a2f000 	C:\Users\User\.jdks\openjdk-24\bin\instrument.dll
0x00007ffa7a320000 - 0x00007ffa7a33e000 	C:\Users\User\.jdks\openjdk-24\bin\java.dll
0x00007ffa8f450000 - 0x00007ffa8f5ee000 	C:\WINDOWS\System32\ole32.dll
0x00007ffa8e390000 - 0x00007ffa8eada000 	C:\WINDOWS\System32\SHELL32.dll
0x00007ffa8ce10000 - 0x00007ffa8cf84000 	C:\WINDOWS\System32\wintypes.dll
0x00007ffa8a850000 - 0x00007ffa8b0ab000 	C:\WINDOWS\SYSTEM32\windows.storage.dll
0x00007ffa8ed10000 - 0x00007ffa8ee05000 	C:\WINDOWS\System32\SHCORE.dll
0x00007ffa8daf0000 - 0x00007ffa8db5a000 	C:\WINDOWS\System32\shlwapi.dll
0x00007ffa8cb40000 - 0x00007ffa8cb6f000 	C:\WINDOWS\SYSTEM32\profapi.dll
0x00007ffa312d0000 - 0x00007ffa313a7000 	C:\Users\User\.jdks\openjdk-24\bin\jsvml.dll
0x00007ffa64870000 - 0x00007ffa64887000 	C:\Users\User\.jdks\openjdk-24\bin\zip.dll
0x00007ffa74ce0000 - 0x00007ffa74cf0000 	C:\Users\User\.jdks\openjdk-24\bin\net.dll
0x00007ffa8bf00000 - 0x00007ffa8bf6a000 	C:\WINDOWS\system32\mswsock.dll
0x00007ffa74cc0000 - 0x00007ffa74cd6000 	C:\Users\User\.jdks\openjdk-24\bin\nio.dll
0x00007ffa64f90000 - 0x00007ffa64f99000 	C:\Users\User\.jdks\openjdk-24\bin\extnet.dll
0x00007ffa8b430000 - 0x00007ffa8b556000 	C:\WINDOWS\SYSTEM32\DNSAPI.dll
0x00007ffa8b3a0000 - 0x00007ffa8b3d3000 	C:\WINDOWS\SYSTEM32\IPHLPAPI.DLL
0x00007ffa8db90000 - 0x00007ffa8db9a000 	C:\WINDOWS\System32\NSI.dll
0x00007ffa7fb50000 - 0x00007ffa7fb5b000 	C:\Windows\System32\rasadhlp.dll
0x00007ffa83c60000 - 0x00007ffa83ce6000 	C:\WINDOWS\System32\fwpuclnt.dll
0x00007ffa64920000 - 0x00007ffa6492a000 	C:\Users\User\.jdks\openjdk-24\bin\management.dll
0x00007ffa5f630000 - 0x00007ffa5f63b000 	C:\Users\User\.jdks\openjdk-24\bin\management_ext.dll
0x00007ffa8eec0000 - 0x00007ffa8eec8000 	C:\WINDOWS\System32\PSAPI.DLL
0x00007ffa8c400000 - 0x00007ffa8c41b000 	C:\WINDOWS\SYSTEM32\CRYPTSP.dll
0x00007ffa8b8f0000 - 0x00007ffa8b92b000 	C:\WINDOWS\system32\rsaenh.dll
0x00007ffa8c010000 - 0x00007ffa8c03b000 	C:\WINDOWS\SYSTEM32\USERENV.dll
0x00007ffa8cb10000 - 0x00007ffa8cb36000 	C:\WINDOWS\SYSTEM32\bcrypt.dll
0x00007ffa8c1d0000 - 0x00007ffa8c1dc000 	C:\WINDOWS\SYSTEM32\CRYPTBASE.dll
0x00007ffa058f0000 - 0x00007ffa05908000 	C:\WINDOWS\system32\napinsp.dll
0x00007ffa05870000 - 0x00007ffa05882000 	C:\WINDOWS\System32\winrnr.dll
0x00007ffa053b0000 - 0x00007ffa053e0000 	C:\WINDOWS\system32\nlansp_c.dll
0x00007ffa503b0000 - 0x00007ffa503d0000 	C:\WINDOWS\system32\wshbth.dll
0x00007ffa09cb0000 - 0x00007ffa09ebe000 	C:\Users\User\AppData\Local\Temp\idea_libasyncProfiler_dll_temp_folder\libasyncProfiler.dll

dbghelp: loaded successfully - version: 4.0.5 - missing functions: none
symbol engine: initialized successfully - sym options: 0x614 - pdb path: .;C:\Users\User\.jdks\openjdk-24\bin;C:\WINDOWS\SYSTEM32;C:\WINDOWS\WinSxS\amd64_microsoft.windows.common-controls_6595b64144ccf1df_6.0.26100.4484_none_3e0e6d4ce32ef3b3;C:\Users\User\.jdks\openjdk-24\bin\server;C:\Users\User\AppData\Local\Temp\idea_libasyncProfiler_dll_temp_folder

VM Arguments:
jvm_args: -javaagent:C:\Program Files\JetBrains\IntelliJ IDEA 2024.3.5\lib\idea_rt.jar=63333 -Dfile.encoding=UTF-8 -Dsun.stdout.encoding=UTF-8 -Dsun.stderr.encoding=UTF-8 
java_command: synchronization.SynchronizedTest
java_class_path (initial): D:\Coding\1-2\Java Intellij\Java-Thread\out\production\Java-Thread
Launcher Type: SUN_STANDARD

[Global flags]
     intx CICompilerCount                          = 12                                        {product} {ergonomic}
     uint ConcGCThreads                            = 4                                         {product} {ergonomic}
     bool FlightRecorder                           = true                                      {product} {management}
     uint G1ConcRefinementThreads                  = 15                                        {product} {ergonomic}
   size_t G1HeapRegionSize                         = 2097152                                   {product} {ergonomic}
   size_t InitialHeapSize                          = 264241152                                 {product} {ergonomic}
   size_t MarkStackSize                            = 4194304                                   {product} {ergonomic}
   size_t MarkStackSizeMax                         = 536870912                                 {product} {ergonomic}
   size_t MaxHeapSize                              = 4223664128                                {product} {ergonomic}
   size_t MaxNewSize                               = 2533359616                                {product} {ergonomic}
   size_t MinHeapDeltaBytes                        = 2097152                                   {product} {ergonomic}
   size_t MinHeapSize                              = 8388608                                   {product} {ergonomic}
    uintx NonNMethodCodeHeapSize                   = 7602176                                {pd product} {ergonomic}
    uintx NonProfiledCodeHeapSize                  = 122093568                              {pd product} {ergonomic}
    uintx ProfiledCodeHeapSize                     = 121962496                              {pd product} {ergonomic}
    uintx ReservedCodeCacheSize                    = 251658240                              {pd product} {ergonomic}
     bool SegmentedCodeCache                       = true                                      {product} {ergonomic}
   size_t SoftMaxHeapSize                          = 4223664128                             {manageable} {ergonomic}
     bool UseCompressedOops                        = true                           {product lp64_product} {ergonomic}
     bool UseG1GC                                  = true                                      {product} {ergonomic}
     bool UseLargePagesIndividualAllocation        = false                                  {pd product} {ergonomic}

Logging:
Log output configuration:
 #0: stdout all=warning uptime,level,tags foldmultilines=false
 #1: stderr all=off uptime,level,tags foldmultilines=false

Environment Variables:
PATH=C:\Program Files\Common Files\Oracle\Java\javapath;C:\WINDOWS\system32;C:\WINDOWS;C:\WINDOWS\System32\Wbem;C:\WINDOWS\System32\WindowsPowerShell\v1.0\;C:\WINDOWS\System32\OpenSSH\;C:\Program Files\Git\cmd;C:\MinGW\bin;C:\Users\User\Pictures\Screenshots;C:\Users\User\AppData\Local\Programs\Python\Python313\;C:\Users\User\AppData\Local\Programs\Python\Python313\Scripts\;C:\Program Files\Pandoc\;C:\Program Files\dotnet\;C:\Program Files (x86)\Windows Kits\10\Windows Performance Toolkit\;C:\Users\User\AppData\Local\Programs\Python\Python313\Scripts\;C:\Users\User\AppData\Local\Programs\Python\Python313\;C:\Users\User\AppData\Local\Programs\Python\Launcher\;C:\Users\User\AppData\Local\Microsoft\WindowsApps;C:\Users\User\AppData\Local\Programs\Microsoft VS Code\bin;C:\Users\User\AppData\Local\GitHubDesktop\bin;C:\MinGW\bin;C:\Users\User\Pictures\Screenshots;C:\Users\User\AppData\Local\Programs\MiKTeX\miktex\bin\x64\;C:\Program Files\JetBrains\IntelliJ IDEA 2024.3.5\bin;;D:\FlutterDevelopment\flutter\bin
USERNAME=User
OS=Windows_NT
PROCESSOR_IDENTIFIER=Intel64 Family 6 Model 186 Stepping 2, GenuineIntel
TMP=C:\Users\User\AppData\Local\Temp
TEMP=C:\Users\User\AppData\Local\Temp




Periodic native trim disabled

---------------  S Y S T E M  ---------------

OS:
 Windows 11 , 64 bit Build 26100 (10.0.26100.4484)
OS uptime: 4 days 16:53 hours
Hyper-V role detected

CPU: total 20 (initial active 20) (10 cores per cpu, 2 threads per core) family 6 model 186 stepping 2 microcode 0x410e, cx8, cmov, fxsr, ht, mmx, 3dnowpref, sse, sse2, sse3, ssse3, sse4.1, sse4.2, popcnt, lzcnt, tsc, tscinvbit, avx, avx2, aes, erms, clmul, bmi1, bmi2, adx, sha, fma, vzeroupper, clflush, clflushopt, clwb, hv, serialize, rdtscp, rdpid, fsrm, gfni, f16c, cet_ibt, cet_ss
Processor Information for processor 0
  Max Mhz: 2400, Current Mhz: 2400, Mhz Limit: 2400
Processor Information for processor 1
  Max Mhz: 2400, Current Mhz: 1520, Mhz Limit: 2400
Processor Information for processor 2
  Max Mhz: 2400, Current Mhz: 2400, Mhz Limit: 2400
Processor Information for processor 3
  Max Mhz: 2400, Current Mhz: 2400, Mhz Limit: 2400
Processor Information for processor 4
  Max Mhz: 2400, Current Mhz: 1520, Mhz Limit: 2400
Processor Information for processor 5
  Max Mhz: 2400, Current Mhz: 2400, Mhz Limit: 2400
Processor Information for processor 6
  Max Mhz: 2400, Current Mhz: 2400, Mhz Limit: 2400
Processor Information for processor 7
  Max Mhz: 2400, Current Mhz: 2400, Mhz Limit: 2400
Processor Information for processor 8
  Max Mhz: 2400, Current Mhz: 2400, Mhz Limit: 2400
Processor Information for processor 9
  Max Mhz: 2400, Current Mhz: 2400, Mhz Limit: 2400
Processor Information for processor 10
  Max Mhz: 2400, Current Mhz: 2400, Mhz Limit: 2400
Processor Information for processor 11
  Max Mhz: 2400, Current Mhz: 2400, Mhz Limit: 2400
Processor Information for processor 12
  Max Mhz: 2400, Current Mhz: 1500, Mhz Limit: 1800
Processor Information for processor 13
  Max Mhz: 2400, Current Mhz: 1800, Mhz Limit: 1800
Processor Information for processor 14
  Max Mhz: 2400, Current Mhz: 1500, Mhz Limit: 1800
Processor Information for processor 15
  Max Mhz: 2400, Current Mhz: 1800, Mhz Limit: 1800
Processor Information for processor 16
  Max Mhz: 2400, Current Mhz: 1800, Mhz Limit: 1800
Processor Information for processor 17
  Max Mhz: 2400, Current Mhz: 1800, Mhz Limit: 1800
Processor Information for processor 18
  Max Mhz: 2400, Current Mhz: 1800, Mhz Limit: 1800
Processor Information for processor 19
  Max Mhz: 2400, Current Mhz: 1800, Mhz Limit: 1800

Memory: 4k page, system-wide physical 16108M (3608M free)
TotalPageFile size 25836M (AvailPageFile size 4761M)
current process WorkingSet (physical memory assigned to process): 121M, peak: 121M
current process commit charge ("private bytes"): 428M, peak: 428M

vm_info: OpenJDK 64-Bit Server VM (24+36-3646) for windows-amd64 JRE (24+36-3646), built on 2025-02-06T00:20:43Z with MS VC++ 17.6 (VS2022)

END.
